apiVersion: networking.istio.io/v1alpha3
kind: Gateway
metadata:
  annotations:
    internal.istio.io/gateway-service: istio-ingressgateway.istio-system.svc.domain.suffix
    internal.istio.io/parent: Gateway/gateway/default.istio-system
  creationTimestamp: null
  name: gateway-istio-autogenerated-k8s-gateway-default
  namespace: istio-system
spec:
  servers:
  - hosts:
    - '*/*.domain.example'
    port:
      name: default
      number: 80
      protocol: HTTP
---
apiVersion: networking.istio.io/v1alpha3
kind: Gateway
metadata:
  annotations:
    internal.istio.io/gateway-service: fake-service.com
    internal.istio.io/parent: Gateway/invalid-service/default.istio-system
  creationTimestamp: null
  name: invalid-service-istio-autogenerated-k8s-gateway-default
  namespace: istio-system
spec:
  servers:
  - hosts:
    - istio-system/*.example
    port:
      name: default
      number: 80
      protocol: HTTP
---
apiVersion: networking.istio.io/v1alpha3
kind: Gateway
metadata:
  annotations:
    internal.istio.io/gateway-service: istio-ingressgateway.istio-system.svc.domain.suffix
    internal.istio.io/parent: Gateway/target-port-reference/default.istio-system
  creationTimestamp: null
  name: target-port-reference-istio-autogenerated-k8s-gateway-default
  namespace: istio-system
spec:
  servers:
  - hosts:
    - istio-system/*.example
    port:
      name: default
      number: 8080
      protocol: HTTP
---
apiVersion: networking.istio.io/v1alpha3
kind: Gateway
metadata:
  annotations:
    internal.istio.io/gateway-service: ""
    internal.istio.io/parent: Gateway/invalid-gateway-address/default.invalid-gateway-address
  creationTimestamp: null
  name: invalid-gateway-address-istio-autogenerated-k8s-gateway-default
  namespace: invalid-gateway-address
spec:
  servers:
  - hosts:
    - invalid-gateway-address/*.domain.example
    port:
      name: default
      number: 80
      protocol: HTTP
---
apiVersion: networking.istio.io/v1alpha3
kind: VirtualService
metadata:
  annotations:
    internal.istio.io/parent: HTTPRoute/invalid-backendRef-kind.default
    internal.istio.io/route-semantics: gateway
  creationTimestamp: null
  name: invalid-backendRef-kind-0-istio-autogenerated-k8s-gateway
  namespace: default
spec:
  gateways:
  - istio-system/gateway-istio-autogenerated-k8s-gateway-default
  hosts:
  - first.domain.example
  http:
  - route:
    - destination: {}
---
apiVersion: networking.istio.io/v1alpha3
kind: VirtualService
metadata:
  annotations:
    internal.istio.io/parent: HTTPRoute/invalid-backendRef-mixed.default
    internal.istio.io/route-semantics: gateway
  creationTimestamp: null
  name: invalid-backendRef-mixed-0-istio-autogenerated-k8s-gateway
  namespace: default
spec:
  gateways:
  - istio-system/gateway-istio-autogenerated-k8s-gateway-default
  hosts:
  - third.domain.example
  http:
  - route:
    - destination:
        host: nonexistent.default.svc.domain.suffix
        port:
          number: 80
      weight: 1
    - destination:
        host: httpbin.default.svc.domain.suffix
        port:
          number: 80
      weight: 1
    - destination: {}
      weight: 1
---
apiVersion: networking.istio.io/v1alpha3
kind: VirtualService
metadata:
  annotations:
    internal.istio.io/parent: HTTPRoute/invalid-backendRef-notfound.default
    internal.istio.io/route-semantics: gateway
  creationTimestamp: null
  name: invalid-backendRef-notfound-0-istio-autogenerated-k8s-gateway
  namespace: default
spec:
  gateways:
  - istio-system/gateway-istio-autogenerated-k8s-gateway-default
  hosts:
  - second.domain.example
  http:
  - route:
    - destination:
        host: nonexistent.default.svc.domain.suffix
        port:
          number: 80
---
