apiVersion: networking.istio.io/v1alpha3
kind: Gateway
metadata:
  annotations:
    internal.istio.io/gateway-service: istio-ingressgateway.istio-system.svc.domain.suffix
    internal.istio.io/parent: Gateway/gateway/simple.istio-system
  creationTimestamp: null
  name: gateway-istio-autogenerated-k8s-gateway-simple
  namespace: istio-system
spec:
  servers:
  - hosts:
    - '*/*.domain.example'
    port:
      name: default
      number: 80
      protocol: HTTP
---
apiVersion: networking.istio.io/v1alpha3
kind: VirtualService
metadata:
  annotations:
    internal.istio.io/parent: HTTPRoute/backend-not-allowed.istio-system
    internal.istio.io/route-semantics: gateway
  creationTimestamp: null
  name: backend-not-allowed-0-istio-autogenerated-k8s-gateway
  namespace: istio-system
spec:
  gateways:
  - istio-system/gateway-istio-autogenerated-k8s-gateway-simple
  hosts:
  - simple2.domain.example
  http:
  - route:
    - destination:
        host: my-svc.service.svc.domain.suffix
        port:
          number: 80
      weight: 1
    - destination: {}
      weight: 1
---
apiVersion: networking.istio.io/v1alpha3
kind: VirtualService
metadata:
  annotations:
    internal.istio.io/parent: HTTPRoute/http.istio-system
    internal.istio.io/route-semantics: gateway
  creationTimestamp: null
  name: http-0-istio-autogenerated-k8s-gateway
  namespace: istio-system
spec:
  gateways:
  - istio-system/gateway-istio-autogenerated-k8s-gateway-simple
  hosts:
  - simple.domain.example
  http:
  - route:
    - destination:
        host: my-svc.service.svc.domain.suffix
        port:
          number: 80
---
